[10-Dec-2025 10:16:11 Europe/Berlin] Login.php accessed at 2025-12-10 10:16:11
[10-Dec-2025 10:16:11 Europe/Berlin] Attempting to load config from: C:\xampp\htdocs\sams\Backend\api/config.php
[10-Dec-2025 10:16:11 Europe/Berlin] Config loaded successfully
[10-Dec-2025 10:16:11 Europe/Berlin] Login.php accessed at 2025-12-10 10:16:11
[10-Dec-2025 10:16:11 Europe/Berlin] Attempting to load config from: C:\xampp\htdocs\sams\Backend\api/config.php
[10-Dec-2025 10:16:11 Europe/Berlin] Config loaded successfully
[10-Dec-2025 10:16:11 Europe/Berlin] Attempting database connection...
[10-Dec-2025 10:16:11 Europe/Berlin] DB_HOST: localhost, DB_USER: root, DB_NAME: sams_db
[10-Dec-2025 10:16:11 Europe/Berlin] Database connected successfully
[10-Dec-2025 10:20:27 Europe/Berlin] Login.php accessed at 2025-12-10 10:20:27
[10-Dec-2025 10:20:27 Europe/Berlin] Attempting to load config from: C:\xampp\htdocs\sams\Backend\api/config.php
[10-Dec-2025 10:20:27 Europe/Berlin] Config loaded successfully
[10-Dec-2025 10:20:27 Europe/Berlin] Login.php accessed at 2025-12-10 10:20:27
[10-Dec-2025 10:20:27 Europe/Berlin] Attempting to load config from: C:\xampp\htdocs\sams\Backend\api/config.php
[10-Dec-2025 10:20:27 Europe/Berlin] Config loaded successfully
[10-Dec-2025 10:20:27 Europe/Berlin] Attempting database connection...
[10-Dec-2025 10:20:27 Europe/Berlin] DB_HOST: localhost, DB_USER: root, DB_NAME: sams_db
[10-Dec-2025 10:20:27 Europe/Berlin] Database connected successfully
[10-Dec-2025 10:23:34 Europe/Berlin] Login.php accessed at 2025-12-10 10:23:34
[10-Dec-2025 10:23:34 Europe/Berlin] Attempting to load config from: C:\xampp\htdocs\sams\Backend\api/config.php
[10-Dec-2025 10:23:34 Europe/Berlin] Config loaded successfully
[10-Dec-2025 10:23:34 Europe/Berlin] Login.php accessed at 2025-12-10 10:23:34
[10-Dec-2025 10:23:34 Europe/Berlin] Attempting to load config from: C:\xampp\htdocs\sams\Backend\api/config.php
[10-Dec-2025 10:23:34 Europe/Berlin] Config loaded successfully
[10-Dec-2025 10:23:34 Europe/Berlin] Attempting database connection...
[10-Dec-2025 10:23:34 Europe/Berlin] DB_HOST: localhost, DB_USER: root, DB_NAME: sams_db
[10-Dec-2025 10:23:34 Europe/Berlin] Database connected successfully
[10-Dec-2025 10:25:22 Europe/Berlin] Login.php accessed at 2025-12-10 10:25:22
[10-Dec-2025 10:25:22 Europe/Berlin] Attempting to load config from: C:\xampp\htdocs\sams\Backend\api/config.php
[10-Dec-2025 10:25:22 Europe/Berlin] Config loaded successfully
[10-Dec-2025 10:40:10 Europe/Berlin] Login.php accessed at 2025-12-10 10:40:10
[10-Dec-2025 10:40:10 Europe/Berlin] Attempting to load config from: C:\xampp\htdocs\sams\Backend\api/config.php
[10-Dec-2025 10:40:10 Europe/Berlin] Config loaded successfully
[10-Dec-2025 10:40:10 Europe/Berlin] Login.php accessed at 2025-12-10 10:40:10
[10-Dec-2025 10:40:10 Europe/Berlin] Attempting to load config from: C:\xampp\htdocs\sams\Backend\api/config.php
[10-Dec-2025 10:40:10 Europe/Berlin] Config loaded successfully
[10-Dec-2025 10:40:10 Europe/Berlin] Attempting database connection...
[10-Dec-2025 10:40:10 Europe/Berlin] DB_HOST: localhost, DB_USER: root, DB_NAME: sams_db
[10-Dec-2025 10:40:10 Europe/Berlin] Database connected successfully
[10-Dec-2025 10:52:10 Europe/Berlin] Login.php accessed at 2025-12-10 10:52:10
[10-Dec-2025 10:52:10 Europe/Berlin] Attempting to load config from: C:\xampp\htdocs\sams\Backend\api/config.php
[10-Dec-2025 10:52:10 Europe/Berlin] Config loaded successfully
[10-Dec-2025 10:52:10 Europe/Berlin] Login.php accessed at 2025-12-10 10:52:10
[10-Dec-2025 10:52:10 Europe/Berlin] Attempting to load config from: C:\xampp\htdocs\sams\Backend\api/config.php
[10-Dec-2025 10:52:10 Europe/Berlin] Config loaded successfully
[10-Dec-2025 10:52:10 Europe/Berlin] Attempting database connection...
[10-Dec-2025 10:52:10 Europe/Berlin] DB_HOST: localhost, DB_USER: root, DB_NAME: sams_db
[10-Dec-2025 10:52:10 Europe/Berlin] Database connected successfully
[10-Dec-2025 10:53:04 Europe/Berlin] Login.php accessed at 2025-12-10 10:53:04
[10-Dec-2025 10:53:04 Europe/Berlin] Attempting to load config from: C:\xampp\htdocs\sams\Backend\api/config.php
[10-Dec-2025 10:53:04 Europe/Berlin] Config loaded successfully
[10-Dec-2025 10:53:04 Europe/Berlin] Login.php accessed at 2025-12-10 10:53:04
[10-Dec-2025 10:53:04 Europe/Berlin] Attempting to load config from: C:\xampp\htdocs\sams\Backend\api/config.php
[10-Dec-2025 10:53:04 Europe/Berlin] Config loaded successfully
[10-Dec-2025 10:53:04 Europe/Berlin] Attempting database connection...
[10-Dec-2025 10:53:04 Europe/Berlin] DB_HOST: localhost, DB_USER: root, DB_NAME: sams_db
[10-Dec-2025 10:53:04 Europe/Berlin] Database connected successfully
[10-Dec-2025 10:56:03 Europe/Berlin] Login.php accessed at 2025-12-10 10:56:03
[10-Dec-2025 10:56:03 Europe/Berlin] Attempting to load config from: C:\xampp\htdocs\sams\Backend\api/config.php
[10-Dec-2025 10:56:03 Europe/Berlin] Config loaded successfully
[10-Dec-2025 10:56:03 Europe/Berlin] Login.php accessed at 2025-12-10 10:56:03
[10-Dec-2025 10:56:03 Europe/Berlin] Attempting to load config from: C:\xampp\htdocs\sams\Backend\api/config.php
[10-Dec-2025 10:56:03 Europe/Berlin] Config loaded successfully
[10-Dec-2025 10:56:03 Europe/Berlin] Attempting database connection...
[10-Dec-2025 10:56:03 Europe/Berlin] DB_HOST: localhost, DB_USER: root, DB_NAME: sams_db
[10-Dec-2025 10:56:03 Europe/Berlin] Database connected successfully
